Microchip Technology Inc, v1.30 (A)

Tool Name:
  /Applications/microchip/xc16/v1.30/bin/bin/../bin/elf-ld

Command:
  -p24FJ128GA010 \
  -o \
  dist/default/production/senior_design.X.production.elf \
  -L/Applications/microchip/xc16/v1.30/bin/bin/.. \
  -L/Applications/microchip/xc16/v1.30/bin/bin/../../lib \
  -L/Applications/microchip/xc16/v1.30/bin/bin/../../lib/PIC24E \
  -L/Applications/microchip/xc16/v1.30/bin/bin/../../support/PIC24E/gld \
  -L/Applications/microchip/xc16/v1.30/bin/bin/../../lib/PIC24F \
  -L/Applications/microchip/xc16/v1.30/bin/bin/../../support/PIC24F/gld \
  -L/Applications/microchip/xc16/v1.30/bin/bin/../../lib/PIC24H \
  -L/Applications/microchip/xc16/v1.30/bin/bin/../../support/PIC24H/gld \
  -L/Applications/microchip/xc16/v1.30/bin/bin/../../lib/dsPIC30F \
  -L/Applications/microchip/xc16/v1.30/bin/bin/../../support/dsPIC30F/gld \
  -L/Applications/microchip/xc16/v1.30/bin/bin/../../lib/dsPIC33E \
  -L/Applications/microchip/xc16/v1.30/bin/bin/../../support/dsPIC33E/gld \
  -L/Applications/microchip/xc16/v1.30/bin/bin/../../lib/dsPIC33F \
  -L/Applications/microchip/xc16/v1.30/bin/bin/../../support/dsPIC33F/gld \
  build/default/production/mcc_generated_files/oc1.o \
  build/default/production/mcc_generated_files/interrupt_manager.o \
  build/default/production/mcc_generated_files/traps.o \
  build/default/production/mcc_generated_files/mcc.o \
  build/default/production/mcc_generated_files/pin_manager.o \
  build/default/production/mcc_generated_files/tmr2.o \
  build/default/production/mcc_generated_files/oc2.o \
  build/default/production/mcc_generated_files/tmr3.o \
  build/default/production/mcc_generated_files/uart2.o \
  build/default/production/mcc_generated_files/ic1.o \
  build/default/production/mcc_generated_files/uart1.o \
  build/default/production/main.o \
  --defsym=__MPLAB_BUILD=1 \
  -Tp24FJ128GA010.gld.00 \
  --stack=16 \
  --check-sections \
  --data-init \
  --pack-data \
  --handles \
  --isr \
  --no-gc-sections \
  --fill-upper=0 \
  --stackguard=16 \
  --no-force-link \
  --smart-io \
  -Map=dist/default/production/senior_design.X.production.map \
  --report-mem \
  --memorysummary \
  dist/default/production/memoryfile.xml \
  -start-group \
  --library=lega-pic30-elf \
  --library=m-elf \
  --library=lega-c-elf \
  -end-group \

Archive member included because of file (symbol)

/Applications/microchip/xc16/v1.30/bin/bin/../../lib/liblega-pic30-elf.a(crt0_standard.o)
                              (__resetPRI)
/Applications/microchip/xc16/v1.30/bin/bin/../../lib/liblega-pic30-elf.a(data_init_standard.o)
                              /Applications/microchip/xc16/v1.30/bin/bin/../../lib/liblega-pic30-elf.a(crt0_standard.o) (__data_init_standard)
/Applications/microchip/xc16/v1.30/bin/bin/../../lib/liblega-pic30-elf.a(crt_start_mode_normal.Leo)
                              (__crt_start_mode_normal)
/Applications/microchip/xc16/v1.30/bin/bin/../../lib/liblega-c-elf.a(sprintf_cdnopuxX.XXeo)
                              build/default/production/main.o (__sprintf_cdnopuxX)
/Applications/microchip/xc16/v1.30/bin/bin/../../lib/liblega-c-elf.a(xprintf_cdnopuxX.XXeo)
                              /Applications/microchip/xc16/v1.30/bin/bin/../../lib/liblega-c-elf.a(sprintf_cdnopuxX.XXeo) (___Printf_cdnopuxX)
/Applications/microchip/xc16/v1.30/bin/bin/../../lib/liblega-c-elf.a(xputfld_cdnopuxX.XXeo)
                              /Applications/microchip/xc16/v1.30/bin/bin/../../lib/liblega-c-elf.a(xprintf_cdnopuxX.XXeo) (___Putfld_cdnopuxX)
/Applications/microchip/xc16/v1.30/bin/bin/../../lib/liblega-c-elf.a(memcpy.XX_eo)
                              /Applications/microchip/xc16/v1.30/bin/bin/../../lib/liblega-c-elf.a(sprintf_cdnopuxX.XXeo) (_memcpy)
/Applications/microchip/xc16/v1.30/bin/bin/../../lib/liblega-c-elf.a(strchr.XX_eo)
                              /Applications/microchip/xc16/v1.30/bin/bin/../../lib/liblega-c-elf.a(xprintf_cdnopuxX.XXeo) (_strchr)
/Applications/microchip/xc16/v1.30/bin/bin/../../lib/liblega-c-elf.a(xlitob.XX_eo)
                              /Applications/microchip/xc16/v1.30/bin/bin/../../lib/liblega-c-elf.a(xputfld_cdnopuxX.XXeo) (__Litob)
/Applications/microchip/xc16/v1.30/bin/bin/../../lib/liblega-c-elf.a(xputtxt.XX_eo)
                              /Applications/microchip/xc16/v1.30/bin/bin/../../lib/liblega-c-elf.a(xprintf_cdnopuxX.XXeo) (__Puttxt)
/Applications/microchip/xc16/v1.30/bin/bin/../../lib/liblega-c-elf.a(xvacopy.XX_eo)
                              /Applications/microchip/xc16/v1.30/bin/bin/../../lib/liblega-c-elf.a(xprintf_cdnopuxX.XXeo) (__Vacopy)
/Applications/microchip/xc16/v1.30/bin/bin/../../lib/libm-elf.a(divsi3.eo)
                              /Applications/microchip/xc16/v1.30/bin/bin/../../lib/liblega-c-elf.a(xlitob.XX_eo) (___divsi3)
/Applications/microchip/xc16/v1.30/bin/bin/../../lib/libm-elf.a(udivsi3.eo)
                              /Applications/microchip/xc16/v1.30/bin/bin/../../lib/liblega-c-elf.a(xlitob.XX_eo) (___udivsi3)
/Applications/microchip/xc16/v1.30/bin/bin/../../lib/libm-elf.a(umodsi3.eo)
                              /Applications/microchip/xc16/v1.30/bin/bin/../../lib/liblega-c-elf.a(xlitob.XX_eo) (___umodsi3)
/Applications/microchip/xc16/v1.30/bin/bin/../../lib/libm-elf.a(divmoddi3.eo)
                              /Applications/microchip/xc16/v1.30/bin/bin/../../lib/liblega-c-elf.a(xlitob.XX_eo) (___udivdi3)


xc16-ld 1.30 (A)

Program Memory  [Origin = 0x200, Length = 0x155fc]

section                    address   length (PC units)   length (bytes) (dec)
-------                    -------   -----------------   --------------------
.text                        0x200               0xaba          0x1017  (4119)
.const                       0xcba                 0xe            0x15  (21)
.text                        0xcc8               0xb14          0x109e  (4254)
.dinit                      0x17dc                0x84            0xc6  (198)
.text                       0x1860               0x116           0x1a1  (417)

                 Total program memory used (bytes):         0x2331  (9009) 6%


Ivt Memory  [Origin = 0x4, Length = 0xfc]

section                    address   length (PC units)   length (bytes) (dec)
-------                    -------   -----------------   --------------------
.ivt._OscillatorFail           0x6                 0x2             0x3  (3)
.ivt._AddressError             0x8                 0x2             0x3  (3)
.ivt._StackError               0xa                 0x2             0x3  (3)
.ivt._MathError                0xc                 0x2             0x3  (3)
.ivt._IC1Interrupt            0x16                 0x2             0x3  (3)
.ivt._OC1Interrupt            0x18                 0x2             0x3  (3)
.ivt._T2Interrupt             0x22                 0x2             0x3  (3)
.ivt._U1RXInterrupt           0x2a                 0x2             0x3  (3)
.ivt._U1TXInterrupt           0x2c                 0x2             0x3  (3)
.ivt._U2RXInterrupt           0x50                 0x2             0x3  (3)
.ivt._U2TXInterrupt           0x52                 0x2             0x3  (3)
.ivt._U1ErrInterrupt          0x96                 0x2             0x3  (3)
.ivt._U2ErrInterrupt          0x98                 0x2             0x3  (3)


Data Memory  [Origin = 0x800, Length = 0x2000]

section                    address      alignment gaps    total length  (dec)
-------                    -------      --------------    -------------------
.nbss                        0x800                   0            0x28  (40)
.ndata                       0x828                   0             0x2  (2)
.nbss                        0x82a                   0             0x4  (4)
.ndata                       0x82e                   0             0x2  (2)
.bss                         0x830                   0           0x1d0  (464)
.data                        0xa00                   0            0x22  (34)
.bss                         0xa22                   0            0x3a  (58)
.data                        0xa5c                   0            0x1a  (26)
.bss                         0xa76                   0             0x4  (4)

                 Total data memory used (bytes):          0x27a  (634) 7%


Dynamic Memory Usage

region                     address                      maximum length  (dec)
------                     -------                      ---------------------
heap                             0                                   0  (0)
stack                        0xa7a                              0x1d86  (7558)

                 Maximum dynamic memory (bytes):         0x1d86  (7558)


External Symbols in Data Memory (by address):

                    0x0800                  _ir_state
                    0x0802                  _count
                    0x0804                  _button_cnt
                    0x0806                  _button_state
                    0x0808                  _button_pressed
                    0x080a                  _mbutton_state
                    0x080c                  _mbutton_pressed
                    0x080e                  _time_ref
                    0x0810                  _mark
                    0x0812                  _space
                    0x0814                  _ir_received
                    0x0816                  _x
                    0x0818                  _y
                    0x081a                  _send_at
                    0x081c                  _send_response
                    0x081e                  _buffer_size
                    0x0820                  _comm_cnt
                    0x0822                  _ic1_callback
                    0x0824                  _ic1_count
                    0x082e                  _motor_state
                    0x093a                  _buffer_read
                    0x09ba                  _ir_data
                    0x09fa                  _ic1_str

External Symbols in Data Memory (by name):

                    0x093a                  _buffer_read
                    0x081e                  _buffer_size
                    0x0804                  _button_cnt
                    0x0808                  _button_pressed
                    0x0806                  _button_state
                    0x0820                  _comm_cnt
                    0x0802                  _count
                    0x0822                  _ic1_callback
                    0x0824                  _ic1_count
                    0x09fa                  _ic1_str
                    0x09ba                  _ir_data
                    0x0814                  _ir_received
                    0x0800                  _ir_state
                    0x0810                  _mark
                    0x080c                  _mbutton_pressed
                    0x080a                  _mbutton_state
                    0x082e                  _motor_state
                    0x081a                  _send_at
                    0x081c                  _send_response
                    0x0812                  _space
                    0x080e                  _time_ref
                    0x0816                  _x
                    0x0818                  _y

External Symbols in Program Memory (by address):

                  0x000200                  __resetPRI
                  0x00023c                  __psv_init
                  0x000252                  __data_init
                  0x000252                  __data_init_standard
                  0x0002cc                  __DefaultInterrupt
                  0x0002d2                  sprintf_cdnopuxX.XXeo:_prout
                  0x0002e0                  __sprintf_cdnopuxX
                  0x0002fe                  ___Printf_cdnopuxX
                  0x000462                  ___Putfld_cdnopuxX
                  0x000672                  _memcpy
                  0x000680                  _strchr
                  0x000698                  __Litob
                  0x0008f6                  __Puttxt
                  0x000a6e                  __Vacopy
                  0x000a72                  ___divsi3
                  0x000a90                  ___udivsi3
                  0x000ab0                  ___umodsi3
                  0x000b02                  ___udivmoddi3
                  0x000be8                  ___udivdi3
                  0x000bf6                  ___umoddi3
                  0x000bfe                  ___divdi3
                  0x000c5e                  ___moddi3
                  0x000cc8                  _UART2_Initialize
                  0x000d06                  __U2TXInterrupt
                  0x000d5c                  __U2RXInterrupt
                  0x000da2                  __U2ErrInterrupt
                  0x000db8                  _UART2_Read
                  0x000dee                  _UART2_ReadBuffer
                  0x000e22                  _UART2_Write
                  0x000e58                  _UART2_WriteBuffer
                  0x000e8a                  _UART2_TransferStatusGet
                  0x000ec6                  _UART2_Peek
                  0x000eee                  _UART2_ReceiveBufferSizeGet
                  0x000f1c                  _UART2_TransmitBufferSizeGet
                  0x000f4c                  _UART2_ReceiveBufferIsEmpty
                  0x000f64                  _UART2_TransmitBufferIsFull
                  0x000f7c                  _UART2_StatusGet
                  0x000f84                  _UART1_Initialize
                  0x000fc2                  __U1TXInterrupt
                  0x001018                  __U1RXInterrupt
                  0x00105e                  __U1ErrInterrupt
                  0x001074                  _UART1_Read
                  0x0010aa                  _UART1_ReadBuffer
                  0x0010de                  _UART1_Write
                  0x001114                  _UART1_WriteBuffer
                  0x001146                  _UART1_TransferStatusGet
                  0x001182                  _UART1_Peek
                  0x0011aa                  _UART1_ReceiveBufferSizeGet
                  0x0011d8                  _UART1_TransmitBufferSizeGet
                  0x001208                  _UART1_ReceiveBufferIsEmpty
                  0x001220                  _UART1_TransmitBufferIsFull
                  0x001238                  _UART1_StatusGet
                  0x001240                  _println
                  0x001266                  _esp_println
                  0x00128c                  _IO_Initialize
                  0x0012ac                  _TMR2_CallBack
                  0x00133e                  _IC1_CallBack
                  0x001350                  _main
                  0x0013d2                  _OC1_Initialize
                  0x0013f2                  __OC1Interrupt
                  0x001406                  _OC1_Start
                  0x001420                  _OC1_Stop
                  0x00142e                  _OC1_SingleCompareValueSet
                  0x00143a                  _OC1_DualCompareValueSet
                  0x00144c                  _OC1_CentreAlignedPWMConfig
                  0x00145e                  _OC1_EdgeAlignedPWMConfig
                  0x001470                  _OC1_SecondaryValueSet
                  0x00147c                  _OC1_PrimaryValueSet
                  0x001488                  _OC1_IsCompareCycleComplete
                  0x0014a0                  _OC1_FaultStatusGet
                  0x0014c6                  _OC2_Initialize
                  0x0014e2                  _OC2_Tasks
                  0x0014f4                  _OC2_Start
                  0x00150e                  _OC2_Stop
                  0x00151c                  _OC2_SingleCompareValueSet
                  0x001528                  _OC2_DualCompareValueSet
                  0x00153a                  _OC2_CentreAlignedPWMConfig
                  0x00154c                  _OC2_EdgeAlignedPWMConfig
                  0x00155e                  _OC2_SecondaryValueSet
                  0x00156a                  _OC2_PrimaryValueSet
                  0x001576                  _OC2_IsCompareCycleComplete
                  0x00158e                  _OC2_FaultStatusGet
                  0x0015b4                  _TMR2_Initialize
                  0x0015d0                  __T2Interrupt
                  0x0015fe                  _TMR2_Period16BitSet
                  0x001610                  _TMR2_Period16BitGet
                  0x001618                  _TMR2_Counter16BitSet
                  0x00162a                  _TMR2_Counter16BitGet
                  0x001638                  _TMR2_Start
                  0x001648                  _TMR2_Stop
                  0x001652                  _TMR2_GetElapsedThenClear
                  0x00166a                  _TMR2_SoftwareCounterGet
                  0x001676                  _TMR2_SoftwareCounterClear
                  0x001682                  _TMR3_Initialize
                  0x001698                  _TMR3_Tasks_16BitOperation
                  0x0016ba                  _TMR3_Period16BitSet
                  0x0016cc                  _TMR3_Period16BitGet
                  0x0016d4                  _TMR3_Counter16BitSet
                  0x0016e6                  _TMR3_Counter16BitGet
                  0x0016ee                  _TMR3_Start
                  0x0016fc                  _TMR3_Stop
                  0x001704                  _TMR3_GetElapsedThenClear
                  0x00171c                  _TMR3_SoftwareCounterGet
                  0x001728                  _TMR3_SoftwareCounterClear
                  0x001734                  _IC1_Initialize
                  0x00175a                  __IC1Interrupt
                  0x001780                  _IC1_Start
                  0x00179a                  _IC1_Stop
                  0x0017a8                  _IC1_CaptureDataRead
                  0x0017b0                  _IC1_HasCaptureBufferOverflowed
                  0x0017c8                  _IC1_IsCaptureBufferEmpty
                  0x001860                  _INTERRUPT_Initialize
                  0x0018c0                  _PIN_MANAGER_Initialize
                  0x00191e                  __OscillatorFail
                  0x001926                  __StackError
                  0x001930                  __AddressError
                  0x001938                  __MathError
                  0x001940                  _SYSTEM_Initialize
                  0x00195a                  _OSCILLATOR_Initialize

External Symbols in Program Memory (by name):

                  0x00133e                  _IC1_CallBack
                  0x0017a8                  _IC1_CaptureDataRead
                  0x0017b0                  _IC1_HasCaptureBufferOverflowed
                  0x001734                  _IC1_Initialize
                  0x0017c8                  _IC1_IsCaptureBufferEmpty
                  0x001780                  _IC1_Start
                  0x00179a                  _IC1_Stop
                  0x001860                  _INTERRUPT_Initialize
                  0x00128c                  _IO_Initialize
                  0x00144c                  _OC1_CentreAlignedPWMConfig
                  0x00143a                  _OC1_DualCompareValueSet
                  0x00145e                  _OC1_EdgeAlignedPWMConfig
                  0x0014a0                  _OC1_FaultStatusGet
                  0x0013d2                  _OC1_Initialize
                  0x001488                  _OC1_IsCompareCycleComplete
                  0x00147c                  _OC1_PrimaryValueSet
                  0x001470                  _OC1_SecondaryValueSet
                  0x00142e                  _OC1_SingleCompareValueSet
                  0x001406                  _OC1_Start
                  0x001420                  _OC1_Stop
                  0x00153a                  _OC2_CentreAlignedPWMConfig
                  0x001528                  _OC2_DualCompareValueSet
                  0x00154c                  _OC2_EdgeAlignedPWMConfig
                  0x00158e                  _OC2_FaultStatusGet
                  0x0014c6                  _OC2_Initialize
                  0x001576                  _OC2_IsCompareCycleComplete
                  0x00156a                  _OC2_PrimaryValueSet
                  0x00155e                  _OC2_SecondaryValueSet
                  0x00151c                  _OC2_SingleCompareValueSet
                  0x0014f4                  _OC2_Start
                  0x00150e                  _OC2_Stop
                  0x0014e2                  _OC2_Tasks
                  0x00195a                  _OSCILLATOR_Initialize
                  0x0018c0                  _PIN_MANAGER_Initialize
                  0x001940                  _SYSTEM_Initialize
                  0x0012ac                  _TMR2_CallBack
                  0x00162a                  _TMR2_Counter16BitGet
                  0x001618                  _TMR2_Counter16BitSet
                  0x001652                  _TMR2_GetElapsedThenClear
                  0x0015b4                  _TMR2_Initialize
                  0x001610                  _TMR2_Period16BitGet
                  0x0015fe                  _TMR2_Period16BitSet
                  0x001676                  _TMR2_SoftwareCounterClear
                  0x00166a                  _TMR2_SoftwareCounterGet
                  0x001638                  _TMR2_Start
                  0x001648                  _TMR2_Stop
                  0x0016e6                  _TMR3_Counter16BitGet
                  0x0016d4                  _TMR3_Counter16BitSet
                  0x001704                  _TMR3_GetElapsedThenClear
                  0x001682                  _TMR3_Initialize
                  0x0016cc                  _TMR3_Period16BitGet
                  0x0016ba                  _TMR3_Period16BitSet
                  0x001728                  _TMR3_SoftwareCounterClear
                  0x00171c                  _TMR3_SoftwareCounterGet
                  0x0016ee                  _TMR3_Start
                  0x0016fc                  _TMR3_Stop
                  0x001698                  _TMR3_Tasks_16BitOperation
                  0x000f84                  _UART1_Initialize
                  0x001182                  _UART1_Peek
                  0x001074                  _UART1_Read
                  0x0010aa                  _UART1_ReadBuffer
                  0x001208                  _UART1_ReceiveBufferIsEmpty
                  0x0011aa                  _UART1_ReceiveBufferSizeGet
                  0x001238                  _UART1_StatusGet
                  0x001146                  _UART1_TransferStatusGet
                  0x001220                  _UART1_TransmitBufferIsFull
                  0x0011d8                  _UART1_TransmitBufferSizeGet
                  0x0010de                  _UART1_Write
                  0x001114                  _UART1_WriteBuffer
                  0x000cc8                  _UART2_Initialize
                  0x000ec6                  _UART2_Peek
                  0x000db8                  _UART2_Read
                  0x000dee                  _UART2_ReadBuffer
                  0x000f4c                  _UART2_ReceiveBufferIsEmpty
                  0x000eee                  _UART2_ReceiveBufferSizeGet
                  0x000f7c                  _UART2_StatusGet
                  0x000e8a                  _UART2_TransferStatusGet
                  0x000f64                  _UART2_TransmitBufferIsFull
                  0x000f1c                  _UART2_TransmitBufferSizeGet
                  0x000e22                  _UART2_Write
                  0x000e58                  _UART2_WriteBuffer
                  0x001930                  __AddressError
                  0x0002cc                  __DefaultInterrupt
                  0x00175a                  __IC1Interrupt
                  0x000698                  __Litob
                  0x001938                  __MathError
                  0x0013f2                  __OC1Interrupt
                  0x00191e                  __OscillatorFail
                  0x0008f6                  __Puttxt
                  0x001926                  __StackError
                  0x0015d0                  __T2Interrupt
                  0x00105e                  __U1ErrInterrupt
                  0x001018                  __U1RXInterrupt
                  0x000fc2                  __U1TXInterrupt
                  0x000da2                  __U2ErrInterrupt
                  0x000d5c                  __U2RXInterrupt
                  0x000d06                  __U2TXInterrupt
                  0x000a6e                  __Vacopy
                  0x0002fe                  ___Printf_cdnopuxX
                  0x000462                  ___Putfld_cdnopuxX
                  0x000bfe                  ___divdi3
                  0x000a72                  ___divsi3
                  0x000c5e                  ___moddi3
                  0x000be8                  ___udivdi3
                  0x000b02                  ___udivmoddi3
                  0x000a90                  ___udivsi3
                  0x000bf6                  ___umoddi3
                  0x000ab0                  ___umodsi3
                  0x000252                  __data_init
                  0x000252                  __data_init_standard
                  0x00023c                  __psv_init
                  0x000200                  __resetPRI
                  0x0002e0                  __sprintf_cdnopuxX
                  0x001266                  _esp_println
                  0x001350                  _main
                  0x000672                  _memcpy
                  0x001240                  _println
                  0x000680                  _strchr
                  0x0002d2                  sprintf_cdnopuxX.XXeo:_prout

Memory Configuration

Name             Origin             Length             Attributes
data             0x000800           0x002000           a !xr
reset            0x000000           0x000004  
ivt              0x000004           0x0000fc  
_reserved        0x000100           0x000004  
aivt             0x000104           0x0000fc  
program          0x000200           0x0155fc           xr
CONFIG2          0x0157fc           0x000002  
CONFIG1          0x0157fe           0x000002  
*default*        0x000000           0xffffffff  

Linker script and memory map

LOAD build/default/production/mcc_generated_files/oc1.o
LOAD build/default/production/mcc_generated_files/interrupt_manager.o
LOAD build/default/production/mcc_generated_files/traps.o
LOAD build/default/production/mcc_generated_files/mcc.o
LOAD build/default/production/mcc_generated_files/pin_manager.o
LOAD build/default/production/mcc_generated_files/tmr2.o
LOAD build/default/production/mcc_generated_files/oc2.o
LOAD build/default/production/mcc_generated_files/tmr3.o
LOAD build/default/production/mcc_generated_files/uart2.o
LOAD build/default/production/mcc_generated_files/ic1.o
LOAD build/default/production/mcc_generated_files/uart1.o
LOAD build/default/production/main.o
                    0x0001                  __MPLAB_BUILD = 0x1
LOAD /Applications/microchip/xc16/v1.30/bin/bin/../../lib/PIC24F/libpPIC24Fxxx-elf.a
LOAD /Applications/microchip/xc16/v1.30/bin/bin/../../lib/libfx-elf.a
                    0x157fc                  __CONFIG2 = 0x157fc
                    0x157fe                  __CONFIG1 = 0x157fe
                    0x0200                  __CODE_BASE = 0x200
                    0x155fc                  __CODE_LENGTH = 0x155fc
                    0x0004                  __IVT_BASE = 0x4
                    0x0104                  __AIVT_BASE = 0x104
                    0x0800                  __DATA_BASE = 0x800
                    0x2000                  __DATA_LENGTH = 0x2000

.reset            0x000000          0x4
                  0x000000          0x2 SHORT 0x200 ABSOLUTE (__reset)
                  0x000001          0x2 SHORT 0x4
                  0x000002          0x2 SHORT 0x0 ((ABSOLUTE (__reset) >> 0x10) & 0x7f)
                  0x000003          0x2 SHORT 0x0

.text             0x000200        0xaba
 *(.init)
 .init            0x000200         0x4c /Applications/microchip/xc16/v1.30/bin/bin/../../lib/liblega-pic30-elf.a(crt0_standard.o)
                  0x000200                  __reset
                  0x000200                  __resetPRI
                  0x00023c                  __psv_init
 .init            0x00024c         0x7c /Applications/microchip/xc16/v1.30/bin/bin/../../lib/liblega-pic30-elf.a(data_init_standard.o)
                  0x000252                  __data_init
                  0x000252                  __data_init_standard
 *(.user_init)
 *(.handle)
 .handle          0x0002c8          0x4 jump_table
 *(.isr*)
 .isr             0x0002cc          0x4 default_isr
                  0x0002cc                  __DefaultInterrupt
 *(.libc)
 *(.libm)
 *(.libdsp)
 *(.lib*)
 .libpic30_crt_start_mode
                  0x0002d0          0x2 /Applications/microchip/xc16/v1.30/bin/bin/../../lib/liblega-pic30-elf.a(crt_start_mode_normal.Leo)
                  0x0002d0                  __crt_start_mode_normal
                  0x0002d0                  __crt_start_mode
 .libc.prout      0x0002d2          0xe /Applications/microchip/xc16/v1.30/bin/bin/../../lib/liblega-c-elf.a(sprintf_cdnopuxX.XXeo)
                  0x0002d2                  sprintf_cdnopuxX.XXeo:_prout
 .libc._sprintf_cdnopuxX
                  0x0002e0         0x1e /Applications/microchip/xc16/v1.30/bin/bin/../../lib/liblega-c-elf.a(sprintf_cdnopuxX.XXeo)
                  0x0002e0                  __sprintf_cdnopuxX
 .libc.__Printf_cdnopuxX
                  0x0002fe        0x164 /Applications/microchip/xc16/v1.30/bin/bin/../../lib/liblega-c-elf.a(xprintf_cdnopuxX.XXeo)
                  0x0002fe                  ___Printf_cdnopuxX
 .libc.__Putfld_cdnopuxX
                  0x000462        0x210 /Applications/microchip/xc16/v1.30/bin/bin/../../lib/liblega-c-elf.a(xputfld_cdnopuxX.XXeo)
                  0x000462                  ___Putfld_cdnopuxX
 .libc.memcpy     0x000672          0xe /Applications/microchip/xc16/v1.30/bin/bin/../../lib/liblega-c-elf.a(memcpy.XX_eo)
                  0x000672                  _memcpy
 .libc.strchr     0x000680         0x18 /Applications/microchip/xc16/v1.30/bin/bin/../../lib/liblega-c-elf.a(strchr.XX_eo)
                  0x000680                  _strchr
 .libc._Litob     0x000698        0x25e /Applications/microchip/xc16/v1.30/bin/bin/../../lib/liblega-c-elf.a(xlitob.XX_eo)
                  0x000698                  __Litob
 .libc._Puttxt    0x0008f6        0x178 /Applications/microchip/xc16/v1.30/bin/bin/../../lib/liblega-c-elf.a(xputtxt.XX_eo)
                  0x0008f6                  __Puttxt
 .libc._Vacopy    0x000a6e          0x4 /Applications/microchip/xc16/v1.30/bin/bin/../../lib/liblega-c-elf.a(xvacopy.XX_eo)
                  0x000a6e                  __Vacopy
 .libm.divsi3     0x000a72         0x1e /Applications/microchip/xc16/v1.30/bin/bin/../../lib/libm-elf.a(divsi3.eo)
                  0x000a72                  ___divsi3
 .libm.udivsi3    0x000a90         0x20 /Applications/microchip/xc16/v1.30/bin/bin/../../lib/libm-elf.a(udivsi3.eo)
                  0x000a90                  ___udivsi3
 .libm.umodsi3    0x000ab0          0x6 /Applications/microchip/xc16/v1.30/bin/bin/../../lib/libm-elf.a(umodsi3.eo)
                  0x000ab0                  ___umodsi3
 .libm.__PplusBdi
                  0x000ab6         0x26 /Applications/microchip/xc16/v1.30/bin/bin/../../lib/libm-elf.a(divmoddi3.eo)
 .libm.__PminusBdi
                  0x000adc         0x26 /Applications/microchip/xc16/v1.30/bin/bin/../../lib/libm-elf.a(divmoddi3.eo)
 .libm.__udivmoddi3
                  0x000b02         0xe6 /Applications/microchip/xc16/v1.30/bin/bin/../../lib/libm-elf.a(divmoddi3.eo)
                  0x000b02                  ___udivmoddi3
 .libm.__udivdi3
                  0x000be8          0xe /Applications/microchip/xc16/v1.30/bin/bin/../../lib/libm-elf.a(divmoddi3.eo)
                  0x000be8                  ___udivdi3
 .libm.__umoddi3
                  0x000bf6          0x8 /Applications/microchip/xc16/v1.30/bin/bin/../../lib/libm-elf.a(divmoddi3.eo)
                  0x000bf6                  ___umoddi3
 .libm.__divdi3
                  0x000bfe         0x60 /Applications/microchip/xc16/v1.30/bin/bin/../../lib/libm-elf.a(divmoddi3.eo)
                  0x000bfe                  ___divdi3
 .libm.__moddi3
                  0x000c5e         0x5c /Applications/microchip/xc16/v1.30/bin/bin/../../lib/libm-elf.a(divmoddi3.eo)
                  0x000c5e                  ___moddi3

usercode
 *(usercode)

__CONFIG2
 *(__CONFIG2.sec*)

__CONFIG1
 *(__CONFIG1.sec*)

.comment
 *(.comment)

.debug_info       0x000000       0x6011
 *(.debug_info)
 .debug_info      0x000000        0x7e1 build/default/production/mcc_generated_files/oc1.o
 .debug_info      0x0007e1        0xa49 build/default/production/mcc_generated_files/interrupt_manager.o
 .debug_info      0x00122a        0x382 build/default/production/mcc_generated_files/traps.o
 .debug_info      0x0015ac        0x1f6 build/default/production/mcc_generated_files/mcc.o
 .debug_info      0x0017a2        0x3c8 build/default/production/mcc_generated_files/pin_manager.o
 .debug_info      0x001b6a        0x792 build/default/production/mcc_generated_files/tmr2.o
 .debug_info      0x0022fc        0x68f build/default/production/mcc_generated_files/oc2.o
 .debug_info      0x00298b        0x623 build/default/production/mcc_generated_files/tmr3.o
 .debug_info      0x002fae        0xe8d build/default/production/mcc_generated_files/uart2.o
 .debug_info      0x003e3b        0x847 build/default/production/mcc_generated_files/ic1.o
 .debug_info      0x004682        0xea8 build/default/production/mcc_generated_files/uart1.o
 .debug_info      0x00552a        0xae7 build/default/production/main.o
 *(.gnu.linkonce.wi.*)

.debug_abbrev     0x000000        0xebe
 *(.debug_abbrev)
 .debug_abbrev    0x000000        0x184 build/default/production/mcc_generated_files/oc1.o
 .debug_abbrev    0x000184         0xa7 build/default/production/mcc_generated_files/interrupt_manager.o
 .debug_abbrev    0x00022b        0x100 build/default/production/mcc_generated_files/traps.o
 .debug_abbrev    0x00032b         0x59 build/default/production/mcc_generated_files/mcc.o
 .debug_abbrev    0x000384         0x5d build/default/production/mcc_generated_files/pin_manager.o
 .debug_abbrev    0x0003e1        0x181 build/default/production/mcc_generated_files/tmr2.o
 .debug_abbrev    0x000562        0x184 build/default/production/mcc_generated_files/oc2.o
 .debug_abbrev    0x0006e6        0x16e build/default/production/mcc_generated_files/tmr3.o
 .debug_abbrev    0x000854        0x1e4 build/default/production/mcc_generated_files/uart2.o
 .debug_abbrev    0x000a38        0x120 build/default/production/mcc_generated_files/ic1.o
 .debug_abbrev    0x000b58        0x1f5 build/default/production/mcc_generated_files/uart1.o
 .debug_abbrev    0x000d4d        0x171 build/default/production/main.o

.debug_line       0x000000        0xd35
 *(.debug_line)
 .debug_line      0x000000        0x125 build/default/production/mcc_generated_files/oc1.o
 .debug_line      0x000125         0xb3 build/default/production/mcc_generated_files/interrupt_manager.o
 .debug_line      0x0001d8        0x10a build/default/production/mcc_generated_files/traps.o
 .debug_line      0x0002e2         0xf9 build/default/production/mcc_generated_files/mcc.o
 .debug_line      0x0003db         0xbc build/default/production/mcc_generated_files/pin_manager.o
 .debug_line      0x000497        0x11c build/default/production/mcc_generated_files/tmr2.o
 .debug_line      0x0005b3        0x123 build/default/production/mcc_generated_files/oc2.o
 .debug_line      0x0006d6        0x116 build/default/production/mcc_generated_files/tmr3.o
 .debug_line      0x0007ec        0x188 build/default/production/mcc_generated_files/uart2.o
 .debug_line      0x000974        0x109 build/default/production/mcc_generated_files/ic1.o
 .debug_line      0x000a7d        0x188 build/default/production/mcc_generated_files/uart1.o
 .debug_line      0x000c05        0x130 build/default/production/main.o

.debug_frame      0x000000        0xc5a
 *(.debug_frame)
 .debug_frame     0x000000        0x16c build/default/production/mcc_generated_files/oc1.o
 .debug_frame     0x00016c         0x30 build/default/production/mcc_generated_files/interrupt_manager.o
 .debug_frame     0x00019c         0x80 build/default/production/mcc_generated_files/traps.o
 .debug_frame     0x00021c         0x4c build/default/production/mcc_generated_files/mcc.o
 .debug_frame     0x000268         0x30 build/default/production/mcc_generated_files/pin_manager.o
 .debug_frame     0x000298        0x188 build/default/production/mcc_generated_files/tmr2.o
 .debug_frame     0x000420        0x164 build/default/production/mcc_generated_files/oc2.o
 .debug_frame     0x000584        0x148 build/default/production/mcc_generated_files/tmr3.o
 .debug_frame     0x0006cc        0x1d6 build/default/production/mcc_generated_files/uart2.o
 .debug_frame     0x0008a2        0x118 build/default/production/mcc_generated_files/ic1.o
 .debug_frame     0x0009ba        0x1d6 build/default/production/mcc_generated_files/uart1.o
 .debug_frame     0x000b90         0xca build/default/production/main.o

.debug_str        0x000000        0x1e6
 *(.debug_str)
 .debug_str       0x000000         0x2b build/default/production/mcc_generated_files/oc1.o
 .debug_str       0x00002b         0x37 build/default/production/mcc_generated_files/interrupt_manager.o
 .debug_str       0x000062          0xc build/default/production/mcc_generated_files/traps.o
 .debug_str       0x00006e         0x1c build/default/production/mcc_generated_files/tmr2.o
 .debug_str       0x00008a         0x22 build/default/production/mcc_generated_files/oc2.o
 .debug_str       0x0000ac         0x13 build/default/production/mcc_generated_files/tmr3.o
 .debug_str       0x0000bf         0x30 build/default/production/mcc_generated_files/uart2.o
 .debug_str       0x0000ef         0x26 build/default/production/mcc_generated_files/ic1.o
 .debug_str       0x000115         0x30 build/default/production/mcc_generated_files/uart1.o
 .debug_str       0x000145         0xa1 build/default/production/main.o

.debug_loc
 *(.debug_loc)

.debug_macinfo
 *(.debug_macinfo)

.debug_pubnames
                  0x000000        0xad1
 *(.debug_pubnames)
 .debug_pubnames
                  0x000000        0x130 build/default/production/mcc_generated_files/oc1.o
 .debug_pubnames
                  0x000130         0x2b build/default/production/mcc_generated_files/interrupt_manager.o
 .debug_pubnames
                  0x00015b         0x6f build/default/production/mcc_generated_files/traps.o
 .debug_pubnames
                  0x0001ca         0x42 build/default/production/mcc_generated_files/mcc.o
 .debug_pubnames
                  0x00020c         0x2d build/default/production/mcc_generated_files/pin_manager.o
 .debug_pubnames
                  0x000239        0x11f build/default/production/mcc_generated_files/tmr2.o
 .debug_pubnames
                  0x000358        0x12c build/default/production/mcc_generated_files/oc2.o
 .debug_pubnames
                  0x000484        0x11a build/default/production/mcc_generated_files/tmr3.o
 .debug_pubnames
                  0x00059e        0x167 build/default/production/mcc_generated_files/uart2.o
 .debug_pubnames
                  0x000705         0xbb build/default/production/mcc_generated_files/ic1.o
 .debug_pubnames
                  0x0007c0        0x167 build/default/production/mcc_generated_files/uart1.o
 .debug_pubnames
                  0x000927        0x1aa build/default/production/main.o

.debug_ranges
 *(.debug_ranges)

.debug_aranges    0x000000        0x120
 *(.debug_aranges)
 .debug_aranges
                  0x000000         0x18 build/default/production/mcc_generated_files/oc1.o
 .debug_aranges
                  0x000018         0x18 build/default/production/mcc_generated_files/interrupt_manager.o
 .debug_aranges
                  0x000030         0x18 build/default/production/mcc_generated_files/traps.o
 .debug_aranges
                  0x000048         0x18 build/default/production/mcc_generated_files/mcc.o
 .debug_aranges
                  0x000060         0x18 build/default/production/mcc_generated_files/pin_manager.o
 .debug_aranges
                  0x000078         0x18 build/default/production/mcc_generated_files/tmr2.o
 .debug_aranges
                  0x000090         0x18 build/default/production/mcc_generated_files/oc2.o
 .debug_aranges
                  0x0000a8         0x18 build/default/production/mcc_generated_files/tmr3.o
 .debug_aranges
                  0x0000c0         0x18 build/default/production/mcc_generated_files/uart2.o
 .debug_aranges
                  0x0000d8         0x18 build/default/production/mcc_generated_files/ic1.o
 .debug_aranges
                  0x0000f0         0x18 build/default/production/mcc_generated_files/uart1.o
 .debug_aranges
                  0x000108         0x18 build/default/production/main.o
                    0x0000                  WREG0 = 0x0
                    0x0000                  _WREG0 = 0x0
                    0x0002                  WREG1 = 0x2
                    0x0002                  _WREG1 = 0x2
                    0x0004                  WREG2 = 0x4
                    0x0004                  _WREG2 = 0x4
                    0x0006                  WREG3 = 0x6
                    0x0006                  _WREG3 = 0x6
                    0x0008                  WREG4 = 0x8
                    0x0008                  _WREG4 = 0x8
                    0x000a                  WREG5 = 0xa
                    0x000a                  _WREG5 = 0xa
                    0x000c                  WREG6 = 0xc
                    0x000c                  _WREG6 = 0xc
                    0x000e                  WREG7 = 0xe
                    0x000e                  _WREG7 = 0xe
                    0x0010                  WREG8 = 0x10
                    0x0010                  _WREG8 = 0x10
                    0x0012                  WREG9 = 0x12
                    0x0012                  _WREG9 = 0x12
                    0x0014                  WREG10 = 0x14
                    0x0014                  _WREG10 = 0x14
                    0x0016                  WREG11 = 0x16
                    0x0016                  _WREG11 = 0x16
                    0x0018                  WREG12 = 0x18
                    0x0018                  _WREG12 = 0x18
                    0x001a                  WREG13 = 0x1a
                    0x001a                  _WREG13 = 0x1a
                    0x001c                  WREG14 = 0x1c
                    0x001c                  _WREG14 = 0x1c
                    0x001e                  WREG15 = 0x1e
                    0x001e                  _WREG15 = 0x1e
                    0x0020                  SPLIM = 0x20
                    0x0020                  _SPLIM = 0x20
                    0x002e                  PCL = 0x2e
                    0x002e                  _PCL = 0x2e
                    0x0030                  PCH = 0x30
                    0x0030                  _PCH = 0x30
                    0x0032                  TBLPAG = 0x32
                    0x0032                  _TBLPAG = 0x32
                    0x0034                  PSVPAG = 0x34
                    0x0034                  _PSVPAG = 0x34
                    0x0036                  RCOUNT = 0x36
                    0x0036                  _RCOUNT = 0x36
                    0x0042                  SR = 0x42
                    0x0042                  _SR = 0x42
                    0x0042                  _SRbits = 0x42
                    0x0044                  CORCON = 0x44
                    0x0044                  _CORCON = 0x44
                    0x0044                  _CORCONbits = 0x44
                    0x0052                  DISICNT = 0x52
                    0x0052                  _DISICNT = 0x52
                    0x0060                  CNEN1 = 0x60
                    0x0060                  _CNEN1 = 0x60
                    0x0060                  _CNEN1bits = 0x60
                    0x0062                  CNEN2 = 0x62
                    0x0062                  _CNEN2 = 0x62
                    0x0062                  _CNEN2bits = 0x62
                    0x0068                  CNPU1 = 0x68
                    0x0068                  _CNPU1 = 0x68
                    0x0068                  _CNPU1bits = 0x68
                    0x006a                  CNPU2 = 0x6a
                    0x006a                  _CNPU2 = 0x6a
                    0x006a                  _CNPU2bits = 0x6a
                    0x0080                  INTCON1 = 0x80
                    0x0080                  _INTCON1 = 0x80
                    0x0080                  _INTCON1bits = 0x80
                    0x0082                  INTCON2 = 0x82
                    0x0082                  _INTCON2 = 0x82
                    0x0082                  _INTCON2bits = 0x82
                    0x0084                  IFS0 = 0x84
                    0x0084                  _IFS0 = 0x84
                    0x0084                  _IFS0bits = 0x84
                    0x0086                  IFS1 = 0x86
                    0x0086                  _IFS1 = 0x86
                    0x0086                  _IFS1bits = 0x86
                    0x0088                  IFS2 = 0x88
                    0x0088                  _IFS2 = 0x88
                    0x0088                  _IFS2bits = 0x88
                    0x008a                  IFS3 = 0x8a
                    0x008a                  _IFS3 = 0x8a
                    0x008a                  _IFS3bits = 0x8a
                    0x008c                  IFS4 = 0x8c
                    0x008c                  _IFS4 = 0x8c
                    0x008c                  _IFS4bits = 0x8c
                    0x0094                  IEC0 = 0x94
                    0x0094                  _IEC0 = 0x94
                    0x0094                  _IEC0bits = 0x94
                    0x0096                  IEC1 = 0x96
                    0x0096                  _IEC1 = 0x96
                    0x0096                  _IEC1bits = 0x96
                    0x0098                  IEC2 = 0x98
                    0x0098                  _IEC2 = 0x98
                    0x0098                  _IEC2bits = 0x98
                    0x009a                  IEC3 = 0x9a
                    0x009a                  _IEC3 = 0x9a
                    0x009a                  _IEC3bits = 0x9a
                    0x009c                  IEC4 = 0x9c
                    0x009c                  _IEC4 = 0x9c
                    0x009c                  _IEC4bits = 0x9c
                    0x00a4                  IPC0 = 0xa4
                    0x00a4                  _IPC0 = 0xa4
                    0x00a4                  _IPC0bits = 0xa4
                    0x00a6                  IPC1 = 0xa6
                    0x00a6                  _IPC1 = 0xa6
                    0x00a6                  _IPC1bits = 0xa6
                    0x00a8                  IPC2 = 0xa8
                    0x00a8                  _IPC2 = 0xa8
                    0x00a8                  _IPC2bits = 0xa8
                    0x00aa                  IPC3 = 0xaa
                    0x00aa                  _IPC3 = 0xaa
                    0x00aa                  _IPC3bits = 0xaa
                    0x00ac                  IPC4 = 0xac
                    0x00ac                  _IPC4 = 0xac
                    0x00ac                  _IPC4bits = 0xac
                    0x00ae                  IPC5 = 0xae
                    0x00ae                  _IPC5 = 0xae
                    0x00ae                  _IPC5bits = 0xae
                    0x00b0                  IPC6 = 0xb0
                    0x00b0                  _IPC6 = 0xb0
                    0x00b0                  _IPC6bits = 0xb0
                    0x00b2                  IPC7 = 0xb2
                    0x00b2                  _IPC7 = 0xb2
                    0x00b2                  _IPC7bits = 0xb2
                    0x00b4                  IPC8 = 0xb4
                    0x00b4                  _IPC8 = 0xb4
                    0x00b4                  _IPC8bits = 0xb4
                    0x00b6                  IPC9 = 0xb6
                    0x00b6                  _IPC9 = 0xb6
                    0x00b6                  _IPC9bits = 0xb6
                    0x00b8                  IPC10 = 0xb8
                    0x00b8                  _IPC10 = 0xb8
                    0x00b8                  _IPC10bits = 0xb8
                    0x00ba                  IPC11 = 0xba
                    0x00ba                  _IPC11 = 0xba
                    0x00ba                  _IPC11bits = 0xba
                    0x00bc                  IPC12 = 0xbc
                    0x00bc                  _IPC12 = 0xbc
                    0x00bc                  _IPC12bits = 0xbc
                    0x00be                  IPC13 = 0xbe
                    0x00be                  _IPC13 = 0xbe
                    0x00be                  _IPC13bits = 0xbe
                    0x00c2                  IPC15 = 0xc2
                    0x00c2                  _IPC15 = 0xc2
                    0x00c2                  _IPC15bits = 0xc2
                    0x00c4                  IPC16 = 0xc4
                    0x00c4                  _IPC16 = 0xc4
                    0x00c4                  _IPC16bits = 0xc4
                    0x00e0                  INTTREG = 0xe0
                    0x00e0                  _INTTREG = 0xe0
                    0x00e0                  _INTTREGbits = 0xe0
                    0x0100                  TMR1 = 0x100
                    0x0100                  _TMR1 = 0x100
                    0x0102                  PR1 = 0x102
                    0x0102                  _PR1 = 0x102
                    0x0104                  T1CON = 0x104
                    0x0104                  _T1CON = 0x104
                    0x0104                  _T1CONbits = 0x104
                    0x0106                  TMR2 = 0x106
                    0x0106                  _TMR2 = 0x106
                    0x0108                  TMR3HLD = 0x108
                    0x0108                  _TMR3HLD = 0x108
                    0x010a                  TMR3 = 0x10a
                    0x010a                  _TMR3 = 0x10a
                    0x010c                  PR2 = 0x10c
                    0x010c                  _PR2 = 0x10c
                    0x010e                  PR3 = 0x10e
                    0x010e                  _PR3 = 0x10e
                    0x0110                  T2CON = 0x110
                    0x0110                  _T2CON = 0x110
                    0x0110                  _T2CONbits = 0x110
                    0x0112                  T3CON = 0x112
                    0x0112                  _T3CON = 0x112
                    0x0112                  _T3CONbits = 0x112
                    0x0114                  TMR4 = 0x114
                    0x0114                  _TMR4 = 0x114
                    0x0116                  TMR5HLD = 0x116
                    0x0116                  _TMR5HLD = 0x116
                    0x0118                  TMR5 = 0x118
                    0x0118                  _TMR5 = 0x118
                    0x011a                  PR4 = 0x11a
                    0x011a                  _PR4 = 0x11a
                    0x011c                  PR5 = 0x11c
                    0x011c                  _PR5 = 0x11c
                    0x011e                  T4CON = 0x11e
                    0x011e                  _T4CON = 0x11e
                    0x011e                  _T4CONbits = 0x11e
                    0x0120                  T5CON = 0x120
                    0x0120                  _T5CON = 0x120
                    0x0120                  _T5CONbits = 0x120
                    0x0140                  IC1BUF = 0x140
                    0x0140                  _IC1BUF = 0x140
                    0x0142                  IC1CON = 0x142
                    0x0142                  _IC1CON = 0x142
                    0x0142                  _IC1CONbits = 0x142
                    0x0144                  IC2BUF = 0x144
                    0x0144                  _IC2BUF = 0x144
                    0x0146                  IC2CON = 0x146
                    0x0146                  _IC2CON = 0x146
                    0x0146                  _IC2CONbits = 0x146
                    0x0148                  IC3BUF = 0x148
                    0x0148                  _IC3BUF = 0x148
                    0x014a                  IC3CON = 0x14a
                    0x014a                  _IC3CON = 0x14a
                    0x014a                  _IC3CONbits = 0x14a
                    0x014c                  IC4BUF = 0x14c
                    0x014c                  _IC4BUF = 0x14c
                    0x014e                  IC4CON = 0x14e
                    0x014e                  _IC4CON = 0x14e
                    0x014e                  _IC4CONbits = 0x14e
                    0x0150                  IC5BUF = 0x150
                    0x0150                  _IC5BUF = 0x150
                    0x0152                  IC5CON = 0x152
                    0x0152                  _IC5CON = 0x152
                    0x0152                  _IC5CONbits = 0x152
                    0x0180                  OC1RS = 0x180
                    0x0180                  _OC1RS = 0x180
                    0x0182                  OC1R = 0x182
                    0x0182                  _OC1R = 0x182
                    0x0184                  OC1CON = 0x184
                    0x0184                  _OC1CON = 0x184
                    0x0184                  _OC1CONbits = 0x184
                    0x0186                  OC2RS = 0x186
                    0x0186                  _OC2RS = 0x186
                    0x0188                  OC2R = 0x188
                    0x0188                  _OC2R = 0x188
                    0x018a                  OC2CON = 0x18a
                    0x018a                  _OC2CON = 0x18a
                    0x018a                  _OC2CONbits = 0x18a
                    0x018c                  OC3RS = 0x18c
                    0x018c                  _OC3RS = 0x18c
                    0x018e                  OC3R = 0x18e
                    0x018e                  _OC3R = 0x18e
                    0x0190                  OC3CON = 0x190
                    0x0190                  _OC3CON = 0x190
                    0x0190                  _OC3CONbits = 0x190
                    0x0192                  OC4RS = 0x192
                    0x0192                  _OC4RS = 0x192
                    0x0194                  OC4R = 0x194
                    0x0194                  _OC4R = 0x194
                    0x0196                  OC4CON = 0x196
                    0x0196                  _OC4CON = 0x196
                    0x0196                  _OC4CONbits = 0x196
                    0x0198                  OC5RS = 0x198
                    0x0198                  _OC5RS = 0x198
                    0x019a                  OC5R = 0x19a
                    0x019a                  _OC5R = 0x19a
                    0x019c                  OC5CON = 0x19c
                    0x019c                  _OC5CON = 0x19c
                    0x019c                  _OC5CONbits = 0x19c
                    0x0200                  I2C1RCV = 0x200
                    0x0200                  _I2C1RCV = 0x200
                    0x0202                  I2C1TRN = 0x202
                    0x0202                  _I2C1TRN = 0x202
                    0x0204                  I2C1BRG = 0x204
                    0x0204                  _I2C1BRG = 0x204
                    0x0206                  I2C1CON = 0x206
                    0x0206                  _I2C1CON = 0x206
                    0x0206                  _I2C1CONbits = 0x206
                    0x0208                  I2C1STAT = 0x208
                    0x0208                  _I2C1STAT = 0x208
                    0x0208                  _I2C1STATbits = 0x208
                    0x020a                  I2C1ADD = 0x20a
                    0x020a                  _I2C1ADD = 0x20a
                    0x020c                  I2C1MSK = 0x20c
                    0x020c                  _I2C1MSK = 0x20c
                    0x0210                  I2C2RCV = 0x210
                    0x0210                  _I2C2RCV = 0x210
                    0x0212                  I2C2TRN = 0x212
                    0x0212                  _I2C2TRN = 0x212
                    0x0214                  I2C2BRG = 0x214
                    0x0214                  _I2C2BRG = 0x214
                    0x0216                  I2C2CON = 0x216
                    0x0216                  _I2C2CON = 0x216
                    0x0216                  _I2C2CONbits = 0x216
                    0x0218                  I2C2STAT = 0x218
                    0x0218                  _I2C2STAT = 0x218
                    0x0218                  _I2C2STATbits = 0x218
                    0x021a                  I2C2ADD = 0x21a
                    0x021a                  _I2C2ADD = 0x21a
                    0x021c                  I2C2MSK = 0x21c
                    0x021c                  _I2C2MSK = 0x21c
                    0x0220                  U1MODE = 0x220
                    0x0220                  _U1MODE = 0x220
                    0x0220                  _U1MODEbits = 0x220
                    0x0222                  U1STA = 0x222
                    0x0222                  _U1STA = 0x222
                    0x0222                  _U1STAbits = 0x222
                    0x0224                  U1TXREG = 0x224
                    0x0224                  _U1TXREG = 0x224
                    0x0226                  U1RXREG = 0x226
                    0x0226                  _U1RXREG = 0x226
                    0x0228                  U1BRG = 0x228
                    0x0228                  _U1BRG = 0x228
                    0x0230                  U2MODE = 0x230
                    0x0230                  _U2MODE = 0x230
                    0x0230                  _U2MODEbits = 0x230
                    0x0232                  U2STA = 0x232
                    0x0232                  _U2STA = 0x232
                    0x0232                  _U2STAbits = 0x232
                    0x0234                  U2TXREG = 0x234
                    0x0234                  _U2TXREG = 0x234
                    0x0236                  U2RXREG = 0x236
                    0x0236                  _U2RXREG = 0x236
                    0x0238                  U2BRG = 0x238
                    0x0238                  _U2BRG = 0x238
                    0x0240                  SPI1STAT = 0x240
                    0x0240                  _SPI1STAT = 0x240
                    0x0240                  _SPI1STATbits = 0x240
                    0x0242                  SPI1CON1 = 0x242
                    0x0242                  _SPI1CON1 = 0x242
                    0x0242                  _SPI1CON1bits = 0x242
                    0x0244                  SPI1CON2 = 0x244
                    0x0244                  _SPI1CON2 = 0x244
                    0x0244                  _SPI1CON2bits = 0x244
                    0x0248                  SPI1BUF = 0x248
                    0x0248                  _SPI1BUF = 0x248
                    0x0260                  SPI2STAT = 0x260
                    0x0260                  _SPI2STAT = 0x260
                    0x0260                  _SPI2STATbits = 0x260
                    0x0262                  SPI2CON1 = 0x262
                    0x0262                  _SPI2CON1 = 0x262
                    0x0262                  _SPI2CON1bits = 0x262
                    0x0264                  SPI2CON2 = 0x264
                    0x0264                  _SPI2CON2 = 0x264
                    0x0264                  _SPI2CON2bits = 0x264
                    0x0268                  SPI2BUF = 0x268
                    0x0268                  _SPI2BUF = 0x268
                    0x02c0                  TRISA = 0x2c0
                    0x02c0                  _TRISA = 0x2c0
                    0x02c0                  _TRISAbits = 0x2c0
                    0x02c2                  PORTA = 0x2c2
                    0x02c2                  _PORTA = 0x2c2
                    0x02c2                  _PORTAbits = 0x2c2
                    0x02c4                  LATA = 0x2c4
                    0x02c4                  _LATA = 0x2c4
                    0x02c4                  _LATAbits = 0x2c4
                    0x02c6                  TRISB = 0x2c6
                    0x02c6                  _TRISB = 0x2c6
                    0x02c6                  _TRISBbits = 0x2c6
                    0x02c8                  PORTB = 0x2c8
                    0x02c8                  _PORTB = 0x2c8
                    0x02c8                  _PORTBbits = 0x2c8
                    0x02ca                  LATB = 0x2ca
                    0x02ca                  _LATB = 0x2ca
                    0x02ca                  _LATBbits = 0x2ca
                    0x02cc                  TRISC = 0x2cc
                    0x02cc                  _TRISC = 0x2cc
                    0x02cc                  _TRISCbits = 0x2cc
                    0x02ce                  PORTC = 0x2ce
                    0x02ce                  _PORTC = 0x2ce
                    0x02ce                  _PORTCbits = 0x2ce
                    0x02d0                  LATC = 0x2d0
                    0x02d0                  _LATC = 0x2d0
                    0x02d0                  _LATCbits = 0x2d0
                    0x02d2                  TRISD = 0x2d2
                    0x02d2                  _TRISD = 0x2d2
                    0x02d2                  _TRISDbits = 0x2d2
                    0x02d4                  PORTD = 0x2d4
                    0x02d4                  _PORTD = 0x2d4
                    0x02d4                  _PORTDbits = 0x2d4
                    0x02d6                  LATD = 0x2d6
                    0x02d6                  _LATD = 0x2d6
                    0x02d6                  _LATDbits = 0x2d6
                    0x02d8                  TRISE = 0x2d8
                    0x02d8                  _TRISE = 0x2d8
                    0x02d8                  _TRISEbits = 0x2d8
                    0x02da                  PORTE = 0x2da
                    0x02da                  _PORTE = 0x2da
                    0x02da                  _PORTEbits = 0x2da
                    0x02dc                  LATE = 0x2dc
                    0x02dc                  _LATE = 0x2dc
                    0x02dc                  _LATEbits = 0x2dc
                    0x02de                  TRISF = 0x2de
                    0x02de                  _TRISF = 0x2de
                    0x02de                  _TRISFbits = 0x2de
                    0x02e0                  PORTF = 0x2e0
                    0x02e0                  _PORTF = 0x2e0
                    0x02e0                  _PORTFbits = 0x2e0
                    0x02e2                  LATF = 0x2e2
                    0x02e2                  _LATF = 0x2e2
                    0x02e2                  _LATFbits = 0x2e2
                    0x02e4                  TRISG = 0x2e4
                    0x02e4                  _TRISG = 0x2e4
                    0x02e4                  _TRISGbits = 0x2e4
                    0x02e6                  PORTG = 0x2e6
                    0x02e6                  _PORTG = 0x2e6
                    0x02e6                  _PORTGbits = 0x2e6
                    0x02e8                  LATG = 0x2e8
                    0x02e8                  _LATG = 0x2e8
                    0x02e8                  _LATGbits = 0x2e8
                    0x02fc                  PADCFG1 = 0x2fc
                    0x02fc                  _PADCFG1 = 0x2fc
                    0x02fc                  _PADCFG1bits = 0x2fc
                    0x0300                  ADC1BUF0 = 0x300
                    0x0300                  _ADC1BUF0 = 0x300
                    0x0302                  ADC1BUF1 = 0x302
                    0x0302                  _ADC1BUF1 = 0x302
                    0x0304                  ADC1BUF2 = 0x304
                    0x0304                  _ADC1BUF2 = 0x304
                    0x0306                  ADC1BUF3 = 0x306
                    0x0306                  _ADC1BUF3 = 0x306
                    0x0308                  ADC1BUF4 = 0x308
                    0x0308                  _ADC1BUF4 = 0x308
                    0x030a                  ADC1BUF5 = 0x30a
                    0x030a                  _ADC1BUF5 = 0x30a
                    0x030c                  ADC1BUF6 = 0x30c
                    0x030c                  _ADC1BUF6 = 0x30c
                    0x030e                  ADC1BUF7 = 0x30e
                    0x030e                  _ADC1BUF7 = 0x30e
                    0x0310                  ADC1BUF8 = 0x310
                    0x0310                  _ADC1BUF8 = 0x310
                    0x0312                  ADC1BUF9 = 0x312
                    0x0312                  _ADC1BUF9 = 0x312
                    0x0314                  ADC1BUFA = 0x314
                    0x0314                  _ADC1BUFA = 0x314
                    0x0316                  ADC1BUFB = 0x316
                    0x0316                  _ADC1BUFB = 0x316
                    0x0318                  ADC1BUFC = 0x318
                    0x0318                  _ADC1BUFC = 0x318
                    0x031a                  ADC1BUFD = 0x31a
                    0x031a                  _ADC1BUFD = 0x31a
                    0x031c                  ADC1BUFE = 0x31c
                    0x031c                  _ADC1BUFE = 0x31c
                    0x031e                  ADC1BUFF = 0x31e
                    0x031e                  _ADC1BUFF = 0x31e
                    0x0320                  AD1CON1 = 0x320
                    0x0320                  _AD1CON1 = 0x320
                    0x0320                  _AD1CON1bits = 0x320
                    0x0322                  AD1CON2 = 0x322
                    0x0322                  _AD1CON2 = 0x322
                    0x0322                  _AD1CON2bits = 0x322
                    0x0324                  AD1CON3 = 0x324
                    0x0324                  _AD1CON3 = 0x324
                    0x0324                  _AD1CON3bits = 0x324
                    0x0328                  AD1CHS = 0x328
                    0x0328                  _AD1CHS = 0x328
                    0x0328                  _AD1CHSbits = 0x328
                    0x032c                  AD1PCFG = 0x32c
                    0x032c                  _AD1PCFG = 0x32c
                    0x032c                  _AD1PCFGbits = 0x32c
                    0x0330                  AD1CSSL = 0x330
                    0x0330                  _AD1CSSL = 0x330
                    0x0330                  _AD1CSSLbits = 0x330
                    0x0600                  PMCON = 0x600
                    0x0600                  _PMCON = 0x600
                    0x0600                  _PMCONbits = 0x600
                    0x0602                  PMMODE = 0x602
                    0x0602                  _PMMODE = 0x602
                    0x0602                  _PMMODEbits = 0x602
                    0x0604                  PMADDR = 0x604
                    0x0604                  _PMADDR = 0x604
                    0x0604                  _PMADDRbits = 0x604
                    0x0604                  PMDOUT1 = 0x604
                    0x0604                  _PMDOUT1 = 0x604
                    0x0606                  PMDOUT2 = 0x606
                    0x0606                  _PMDOUT2 = 0x606
                    0x0608                  PMDIN1 = 0x608
                    0x0608                  _PMDIN1 = 0x608
                    0x060a                  PMDIN2 = 0x60a
                    0x060a                  _PMDIN2 = 0x60a
                    0x060c                  PMAEN = 0x60c
                    0x060c                  _PMAEN = 0x60c
                    0x060c                  _PMAENbits = 0x60c
                    0x060e                  PMSTAT = 0x60e
                    0x060e                  _PMSTAT = 0x60e
                    0x060e                  _PMSTATbits = 0x60e
                    0x0620                  ALRMVAL = 0x620
                    0x0620                  _ALRMVAL = 0x620
                    0x0622                  ALCFGRPT = 0x622
                    0x0622                  _ALCFGRPT = 0x622
                    0x0622                  _ALCFGRPTbits = 0x622
                    0x0624                  RTCVAL = 0x624
                    0x0624                  _RTCVAL = 0x624
                    0x0626                  RCFGCAL = 0x626
                    0x0626                  _RCFGCAL = 0x626
                    0x0626                  _RCFGCALbits = 0x626
                    0x0630                  CMCON = 0x630
                    0x0630                  _CMCON = 0x630
                    0x0630                  _CMCONbits = 0x630
                    0x0632                  CVRCON = 0x632
                    0x0632                  _CVRCON = 0x632
                    0x0632                  _CVRCONbits = 0x632
                    0x0640                  CRCCON = 0x640
                    0x0640                  _CRCCON = 0x640
                    0x0640                  _CRCCONbits = 0x640
                    0x0642                  CRCXOR = 0x642
                    0x0642                  _CRCXOR = 0x642
                    0x0642                  _CRCXORbits = 0x642
                    0x0644                  CRCDAT = 0x644
                    0x0644                  _CRCDAT = 0x644
                    0x0646                  CRCWDAT = 0x646
                    0x0646                  _CRCWDAT = 0x646
                    0x06c0                  ODCA = 0x6c0
                    0x06c0                  _ODCA = 0x6c0
                    0x06c0                  _ODCAbits = 0x6c0
                    0x06c6                  ODCB = 0x6c6
                    0x06c6                  _ODCB = 0x6c6
                    0x06c6                  _ODCBbits = 0x6c6
                    0x06cc                  ODCC = 0x6cc
                    0x06cc                  _ODCC = 0x6cc
                    0x06cc                  _ODCCbits = 0x6cc
                    0x06d2                  ODCD = 0x6d2
                    0x06d2                  _ODCD = 0x6d2
                    0x06d2                  _ODCDbits = 0x6d2
                    0x06d8                  ODCE = 0x6d8
                    0x06d8                  _ODCE = 0x6d8
                    0x06d8                  _ODCEbits = 0x6d8
                    0x06de                  ODCF = 0x6de
                    0x06de                  _ODCF = 0x6de
                    0x06de                  _ODCFbits = 0x6de
                    0x06e4                  ODCG = 0x6e4
                    0x06e4                  _ODCG = 0x6e4
                    0x06e4                  _ODCGbits = 0x6e4
                    0x0740                  RCON = 0x740
                    0x0740                  _RCON = 0x740
                    0x0740                  _RCONbits = 0x740
                    0x0742                  OSCCON = 0x742
                    0x0742                  _OSCCON = 0x742
                    0x0742                  _OSCCONbits = 0x742
                    0x0742                  OSCCONL = 0x742
                    0x0742                  _OSCCONL = 0x742
                    0x0743                  OSCCONH = 0x743
                    0x0743                  _OSCCONH = 0x743
                    0x0744                  CLKDIV = 0x744
                    0x0744                  _CLKDIV = 0x744
                    0x0744                  _CLKDIVbits = 0x744
                    0x0748                  OSCTUN = 0x748
                    0x0748                  _OSCTUN = 0x748
                    0x0748                  _OSCTUNbits = 0x748
                    0x0760                  NVMCON = 0x760
                    0x0760                  _NVMCON = 0x760
                    0x0760                  _NVMCONbits = 0x760
                    0x0766                  NVMKEY = 0x766
                    0x0766                  _NVMKEY = 0x766
                    0x0770                  PMD1 = 0x770
                    0x0770                  _PMD1 = 0x770
                    0x0770                  _PMD1bits = 0x770
                    0x0772                  PMD2 = 0x772
                    0x0772                  _PMD2 = 0x772
                    0x0772                  _PMD2bits = 0x772
                    0x0774                  PMD3 = 0x774
                    0x0774                  _PMD3 = 0x774
                    0x0774                  _PMD3bits = 0x774
                    0x0140                  IC1 = 0x140
                    0x0140                  _IC1 = 0x140
                    0x0144                  IC2 = 0x144
                    0x0144                  _IC2 = 0x144
                    0x0148                  IC3 = 0x148
                    0x0148                  _IC3 = 0x148
                    0x014c                  IC4 = 0x14c
                    0x014c                  _IC4 = 0x14c
                    0x0150                  IC5 = 0x150
                    0x0150                  _IC5 = 0x150
                    0x0180                  OC1 = 0x180
                    0x0180                  _OC1 = 0x180
                    0x0186                  OC2 = 0x186
                    0x0186                  _OC2 = 0x186
                    0x018c                  OC3 = 0x18c
                    0x018c                  _OC3 = 0x18c
                    0x0192                  OC4 = 0x192
                    0x0192                  _OC4 = 0x192
                    0x0198                  OC5 = 0x198
                    0x0198                  _OC5 = 0x198
                    0x0240                  SPI1 = 0x240
                    0x0240                  _SPI1 = 0x240
                    0x0260                  SPI2 = 0x260
                    0x0260                  _SPI2 = 0x260
                    0x0220                  UART1 = 0x220
                    0x0220                  _UART1 = 0x220
                    0x0230                  UART2 = 0x230
                    0x0230                  _UART2 = 0x230
START GROUP
LOAD /Applications/microchip/xc16/v1.30/bin/bin/../../lib/liblega-pic30-elf.a
LOAD /Applications/microchip/xc16/v1.30/bin/bin/../../lib/libm-elf.a
LOAD /Applications/microchip/xc16/v1.30/bin/bin/../../lib/liblega-c-elf.a
END GROUP
OUTPUT(dist/default/production/senior_design.X.production.elf elf32-pic30)
LOAD jump_table
LOAD default_isr
LOAD data_init

.debug_pubtypes
                  0x000120        0x6b5
 .debug_pubtypes
                  0x000120         0x89 build/default/production/mcc_generated_files/oc1.o
 .debug_pubtypes
                  0x0001a9         0xc2 build/default/production/mcc_generated_files/interrupt_manager.o
 .debug_pubtypes
                  0x00026b         0x4e build/default/production/mcc_generated_files/traps.o
 .debug_pubtypes
                  0x0002b9         0x1e build/default/production/mcc_generated_files/mcc.o
 .debug_pubtypes
                  0x0002d7         0x12 build/default/production/mcc_generated_files/pin_manager.o
 .debug_pubtypes
                  0x0002e9         0xa4 build/default/production/mcc_generated_files/tmr2.o
 .debug_pubtypes
                  0x00038d         0x6c build/default/production/mcc_generated_files/oc2.o
 .debug_pubtypes
                  0x0003f9         0x87 build/default/production/mcc_generated_files/tmr3.o
 .debug_pubtypes
                  0x000480        0x113 build/default/production/mcc_generated_files/uart2.o
 .debug_pubtypes
                  0x000593         0x97 build/default/production/mcc_generated_files/ic1.o
 .debug_pubtypes
                  0x00062a        0x113 build/default/production/mcc_generated_files/uart1.o
 .debug_pubtypes
                  0x00073d         0x98 build/default/production/main.o

__c30_signature
                  0x0007d5         0x9c
 __c30_signature
                  0x0007d5          0x6 build/default/production/mcc_generated_files/oc1.o
 __c30_signature
                  0x0007db          0x6 build/default/production/mcc_generated_files/interrupt_manager.o
 __c30_signature
                  0x0007e1          0x6 build/default/production/mcc_generated_files/traps.o
 __c30_signature
                  0x0007e7          0x6 build/default/production/mcc_generated_files/mcc.o
 __c30_signature
                  0x0007ed          0x6 build/default/production/mcc_generated_files/pin_manager.o
 __c30_signature
                  0x0007f3          0x6 build/default/production/mcc_generated_files/tmr2.o
 __c30_signature
                  0x0007f9          0x6 build/default/production/mcc_generated_files/oc2.o
 __c30_signature
                  0x0007ff          0x6 build/default/production/mcc_generated_files/tmr3.o
 __c30_signature
                  0x000805          0x6 build/default/production/mcc_generated_files/uart2.o
 __c30_signature
                  0x00080b          0x6 build/default/production/mcc_generated_files/ic1.o
 __c30_signature
                  0x000811          0x6 build/default/production/mcc_generated_files/uart1.o
 __c30_signature
                  0x000817          0x6 build/default/production/main.o
 __c30_signature
                  0x00081d          0x6 /Applications/microchip/xc16/v1.30/bin/bin/../../lib/liblega-pic30-elf.a(crt0_standard.o)
 __c30_signature
                  0x000823          0x6 /Applications/microchip/xc16/v1.30/bin/bin/../../lib/liblega-pic30-elf.a(data_init_standard.o)
 __c30_signature
                  0x000829          0x6 /Applications/microchip/xc16/v1.30/bin/bin/../../lib/liblega-c-elf.a(sprintf_cdnopuxX.XXeo)
 __c30_signature
                  0x00082f          0x6 /Applications/microchip/xc16/v1.30/bin/bin/../../lib/liblega-c-elf.a(xprintf_cdnopuxX.XXeo)
 __c30_signature
                  0x000835          0x6 /Applications/microchip/xc16/v1.30/bin/bin/../../lib/liblega-c-elf.a(xputfld_cdnopuxX.XXeo)
 __c30_signature
                  0x00083b          0x6 /Applications/microchip/xc16/v1.30/bin/bin/../../lib/liblega-c-elf.a(memcpy.XX_eo)
 __c30_signature
                  0x000841          0x6 /Applications/microchip/xc16/v1.30/bin/bin/../../lib/liblega-c-elf.a(strchr.XX_eo)
 __c30_signature
                  0x000847          0x6 /Applications/microchip/xc16/v1.30/bin/bin/../../lib/liblega-c-elf.a(xlitob.XX_eo)
 __c30_signature
                  0x00084d          0x6 /Applications/microchip/xc16/v1.30/bin/bin/../../lib/liblega-c-elf.a(xputtxt.XX_eo)
 __c30_signature
                  0x000853          0x6 /Applications/microchip/xc16/v1.30/bin/bin/../../lib/liblega-c-elf.a(xvacopy.XX_eo)
 __c30_signature
                  0x000859          0x6 /Applications/microchip/xc16/v1.30/bin/bin/../../lib/libm-elf.a(divsi3.eo)
 __c30_signature
                  0x00085f          0x6 /Applications/microchip/xc16/v1.30/bin/bin/../../lib/libm-elf.a(udivsi3.eo)
 __c30_signature
                  0x000865          0x6 /Applications/microchip/xc16/v1.30/bin/bin/../../lib/libm-elf.a(umodsi3.eo)
 __c30_signature
                  0x00086b          0x6 /Applications/microchip/xc16/v1.30/bin/bin/../../lib/libm-elf.a(divmoddi3.eo)

.nbss               0x0800         0x28
 .nbss              0x0800         0x26 build/default/production/main.o
                    0x0800                  _ir_state
                    0x0802                  _count
                    0x0804                  _button_cnt
                    0x0806                  _button_state
                    0x0808                  _button_pressed
                    0x080a                  _mbutton_state
                    0x080c                  _mbutton_pressed
                    0x080e                  _time_ref
                    0x0810                  _mark
                    0x0812                  _space
                    0x0814                  _ir_received
                    0x0816                  _x
                    0x0818                  _y
                    0x081a                  _send_at
                    0x081c                  _send_response
                    0x081e                  _buffer_size
                    0x0820                  _comm_cnt
                    0x0822                  _ic1_callback
                    0x0824                  _ic1_count
 .nbss              0x0826          0x2 build/default/production/mcc_generated_files/oc1.o

.ndata              0x0828          0x2
 .ndata             0x0828          0x2 build/default/production/mcc_generated_files/traps.o

.nbss               0x082a          0x4
 .nbss              0x082a          0x2 build/default/production/mcc_generated_files/oc2.o
 .nbss              0x082c          0x2 build/default/production/mcc_generated_files/ic1.o

.ndata              0x082e          0x2
 .ndata             0x082e          0x2 build/default/production/main.o
                    0x082e                  _motor_state

.bss                0x0830        0x1d0
 .bss               0x0830        0x10a build/default/production/mcc_generated_files/uart1.o
 .bss               0x093a         0xc6 build/default/production/main.o
                    0x093a                  _buffer_read
                    0x09ba                  _ir_data
                    0x09fa                  _ic1_str

.data               0x0a00         0x22
 .data              0x0a00         0x22 /Applications/microchip/xc16/v1.30/bin/bin/../../lib/liblega-c-elf.a(xlitob.XX_eo)

.bss                0x0a22         0x3a
 .bss               0x0a22         0x20 build/default/production/mcc_generated_files/traps.o
 .bss               0x0a42         0x1a build/default/production/mcc_generated_files/uart2.o

.data               0x0a5c         0x1a
 .data              0x0a5c         0x1a /Applications/microchip/xc16/v1.30/bin/bin/../../lib/liblega-c-elf.a(xprintf_cdnopuxX.XXeo)

.bss                0x0a76          0x4
 .bss               0x0a76          0x2 build/default/production/mcc_generated_files/tmr2.o
 .bss               0x0a78          0x2 build/default/production/mcc_generated_files/tmr3.o

.ivt._OC1Interrupt
                  0x000018          0x2
 .ivt._OC1Interrupt
                  0x000018          0x2 build/default/production/mcc_generated_files/oc1.o

.ivt._OscillatorFail
                  0x000006          0x2
 .ivt._OscillatorFail
                  0x000006          0x2 build/default/production/mcc_generated_files/traps.o

.ivt._StackError
                  0x00000a          0x2
 .ivt._StackError
                  0x00000a          0x2 build/default/production/mcc_generated_files/traps.o

.ivt._AddressError
                  0x000008          0x2
 .ivt._AddressError
                  0x000008          0x2 build/default/production/mcc_generated_files/traps.o

.ivt._MathError
                  0x00000c          0x2
 .ivt._MathError
                  0x00000c          0x2 build/default/production/mcc_generated_files/traps.o

.config_JTAGEN    0x0157fe          0x2
 .config_JTAGEN
                  0x0157fe          0x2 build/default/production/mcc_generated_files/mcc.o

.config_IESO      0x0157fc          0x2
 .config_IESO     0x0157fc          0x2 build/default/production/mcc_generated_files/mcc.o

.ivt._T2Interrupt
                  0x000022          0x2
 .ivt._T2Interrupt
                  0x000022          0x2 build/default/production/mcc_generated_files/tmr2.o

.ivt._U2TXInterrupt
                  0x000052          0x2
 .ivt._U2TXInterrupt
                  0x000052          0x2 build/default/production/mcc_generated_files/uart2.o

.ivt._U2RXInterrupt
                  0x000050          0x2
 .ivt._U2RXInterrupt
                  0x000050          0x2 build/default/production/mcc_generated_files/uart2.o

.ivt._U2ErrInterrupt
                  0x000098          0x2
 .ivt._U2ErrInterrupt
                  0x000098          0x2 build/default/production/mcc_generated_files/uart2.o

.ivt._IC1Interrupt
                  0x000016          0x2
 .ivt._IC1Interrupt
                  0x000016          0x2 build/default/production/mcc_generated_files/ic1.o

.ivt._U1TXInterrupt
                  0x00002c          0x2
 .ivt._U1TXInterrupt
                  0x00002c          0x2 build/default/production/mcc_generated_files/uart1.o

.ivt._U1RXInterrupt
                  0x00002a          0x2
 .ivt._U1RXInterrupt
                  0x00002a          0x2 build/default/production/mcc_generated_files/uart1.o

.ivt._U1ErrInterrupt
                  0x000096          0x2
 .ivt._U1ErrInterrupt
                  0x000096          0x2 build/default/production/mcc_generated_files/uart1.o

.const              0x8cba          0xe load address 0x000cba  
 .const             0x8cba          0xe build/default/production/main.o

.text             0x000cc8        0xb14
 .text            0x000cc8        0x2bc build/default/production/mcc_generated_files/uart2.o
                  0x000cc8                  _UART2_Initialize
                  0x000d06                  __U2TXInterrupt
                  0x000d5c                  __U2RXInterrupt
                  0x000da2                  __U2ErrInterrupt
                  0x000db8                  _UART2_Read
                  0x000dee                  _UART2_ReadBuffer
                  0x000e22                  _UART2_Write
                  0x000e58                  _UART2_WriteBuffer
                  0x000e8a                  _UART2_TransferStatusGet
                  0x000ec6                  _UART2_Peek
                  0x000eee                  _UART2_ReceiveBufferSizeGet
                  0x000f1c                  _UART2_TransmitBufferSizeGet
                  0x000f4c                  _UART2_ReceiveBufferIsEmpty
                  0x000f64                  _UART2_TransmitBufferIsFull
                  0x000f7c                  _UART2_StatusGet
 .text            0x000f84        0x2bc build/default/production/mcc_generated_files/uart1.o
                  0x000f84                  _UART1_Initialize
                  0x000fc2                  __U1TXInterrupt
                  0x001018                  __U1RXInterrupt
                  0x00105e                  __U1ErrInterrupt
                  0x001074                  _UART1_Read
                  0x0010aa                  _UART1_ReadBuffer
                  0x0010de                  _UART1_Write
                  0x001114                  _UART1_WriteBuffer
                  0x001146                  _UART1_TransferStatusGet
                  0x001182                  _UART1_Peek
                  0x0011aa                  _UART1_ReceiveBufferSizeGet
                  0x0011d8                  _UART1_TransmitBufferSizeGet
                  0x001208                  _UART1_ReceiveBufferIsEmpty
                  0x001220                  _UART1_TransmitBufferIsFull
                  0x001238                  _UART1_StatusGet
 .text            0x001240        0x192 build/default/production/main.o
                  0x001240                  _println
                  0x001266                  _esp_println
                  0x00128c                  _IO_Initialize
                  0x0012ac                  _TMR2_CallBack
                  0x00133e                  _IC1_CallBack
                  0x001350                  _main
 .text            0x0013d2         0xf4 build/default/production/mcc_generated_files/oc1.o
                  0x0013d2                  _OC1_Initialize
                  0x0013f2                  __OC1Interrupt
                  0x001406                  _OC1_Start
                  0x001420                  _OC1_Stop
                  0x00142e                  _OC1_SingleCompareValueSet
                  0x00143a                  _OC1_DualCompareValueSet
                  0x00144c                  _OC1_CentreAlignedPWMConfig
                  0x00145e                  _OC1_EdgeAlignedPWMConfig
                  0x001470                  _OC1_SecondaryValueSet
                  0x00147c                  _OC1_PrimaryValueSet
                  0x001488                  _OC1_IsCompareCycleComplete
                  0x0014a0                  _OC1_FaultStatusGet
 .text            0x0014c6         0xee build/default/production/mcc_generated_files/oc2.o
                  0x0014c6                  _OC2_Initialize
                  0x0014e2                  _OC2_Tasks
                  0x0014f4                  _OC2_Start
                  0x00150e                  _OC2_Stop
                  0x00151c                  _OC2_SingleCompareValueSet
                  0x001528                  _OC2_DualCompareValueSet
                  0x00153a                  _OC2_CentreAlignedPWMConfig
                  0x00154c                  _OC2_EdgeAlignedPWMConfig
                  0x00155e                  _OC2_SecondaryValueSet
                  0x00156a                  _OC2_PrimaryValueSet
                  0x001576                  _OC2_IsCompareCycleComplete
                  0x00158e                  _OC2_FaultStatusGet
 .text            0x0015b4         0xce build/default/production/mcc_generated_files/tmr2.o
                  0x0015b4                  _TMR2_Initialize
                  0x0015d0                  __T2Interrupt
                  0x0015fe                  _TMR2_Period16BitSet
                  0x001610                  _TMR2_Period16BitGet
                  0x001618                  _TMR2_Counter16BitSet
                  0x00162a                  _TMR2_Counter16BitGet
                  0x001638                  _TMR2_Start
                  0x001648                  _TMR2_Stop
                  0x001652                  _TMR2_GetElapsedThenClear
                  0x00166a                  _TMR2_SoftwareCounterGet
                  0x001676                  _TMR2_SoftwareCounterClear
 .text            0x001682         0xb2 build/default/production/mcc_generated_files/tmr3.o
                  0x001682                  _TMR3_Initialize
                  0x001698                  _TMR3_Tasks_16BitOperation
                  0x0016ba                  _TMR3_Period16BitSet
                  0x0016cc                  _TMR3_Period16BitGet
                  0x0016d4                  _TMR3_Counter16BitSet
                  0x0016e6                  _TMR3_Counter16BitGet
                  0x0016ee                  _TMR3_Start
                  0x0016fc                  _TMR3_Stop
                  0x001704                  _TMR3_GetElapsedThenClear
                  0x00171c                  _TMR3_SoftwareCounterGet
                  0x001728                  _TMR3_SoftwareCounterClear
 .text            0x001734         0xa8 build/default/production/mcc_generated_files/ic1.o
                  0x001734                  _IC1_Initialize
                  0x00175a                  __IC1Interrupt
                  0x001780                  _IC1_Start
                  0x00179a                  _IC1_Stop
                  0x0017a8                  _IC1_CaptureDataRead
                  0x0017b0                  _IC1_HasCaptureBufferOverflowed
                  0x0017c8                  _IC1_IsCaptureBufferEmpty

.dinit            0x0017dc         0x84
 .dinit           0x0017dc         0x84 data_init

.text             0x001860        0x116
 .text            0x001860         0x60 build/default/production/mcc_generated_files/interrupt_manager.o
                  0x001860                  _INTERRUPT_Initialize
 .text            0x0018c0         0x48 build/default/production/mcc_generated_files/pin_manager.o
                  0x0018c0                  _PIN_MANAGER_Initialize
 .text            0x001908         0x38 build/default/production/mcc_generated_files/traps.o
                  0x001908                  _TRAPS_halt_on_error
                  0x00191e                  __OscillatorFail
                  0x001926                  __StackError
                  0x001930                  __AddressError
                  0x001938                  __MathError
 .text            0x001940         0x36 build/default/production/mcc_generated_files/mcc.o
                  0x001940                  _SYSTEM_Initialize
                  0x00195a                  _OSCILLATOR_Initialize
